2026-09-18 15:02:49,117	[INFO]	(client.py:162)_bot_login	[botpy] 登录机器人账号中...
2026-09-18 15:02:49,330	[INFO]	(robot.py:65)update_access_token	[botpy] access_token expires_in 7200
2026-09-18 15:02:49,959	[INFO]	(client.py:181)_bot_init	[botpy] 程序启动...
2026-09-18 15:02:49,959	[INFO]	(connection.py:60)multi_run	[botpy] 最大并发连接数: 1, 启动会话数: 1
2026-09-18 15:02:49,960	[INFO]	(client.py:242)bot_connect	[botpy] 会话启动中...
2026-09-18 15:02:49,960	[INFO]	(gateway.py:115)ws_connect	[botpy] 启动中...
2026-09-18 15:02:50,165	[INFO]	(gateway.py:142)ws_identify	[botpy] 鉴权中...
2026-09-18 15:02:50,379	[INFO]	(gateway.py:85)on_message	[botpy] 机器人「Joha」启动成功！
2026-09-18 15:02:50,382	[INFO]	(gateway.py:223)_send_heart	[botpy] 心跳维持启动...
2026-09-18 15:32:50,151	[INFO]	(gateway.py:56)on_closed	[botpy] 关闭, 返回码: 4009, 返回信息: Session timed out
2026-09-18 15:32:50,153	[INFO]	(gateway.py:134)ws_connect	[botpy] ws关闭, 停止接收消息!
2026-09-18 15:32:55,173	[INFO]	(connection.py:60)multi_run	[botpy] 最大并发连接数: 1, 启动会话数: 1
2026-09-18 15:32:55,175	[INFO]	(client.py:242)bot_connect	[botpy] 会话启动中...
2026-09-18 15:32:55,175	[INFO]	(gateway.py:115)ws_connect	[botpy] 启动中...
2026-09-18 15:32:55,473	[INFO]	(gateway.py:175)ws_resume	[botpy] 重连启动...
2026-09-18 15:32:55,650	[INFO]	(gateway.py:90)on_message	[botpy] 机器人重连成功! 
2026-09-18 15:32:55,651	[INFO]	(gateway.py:223)_send_heart	[botpy] 心跳维持启动...
2026-09-28 23:01:14,400	[INFO]	(client.py:162)_bot_login	[botpy] 登录机器人账号中...
2026-09-28 23:01:14,811	[INFO]	(robot.py:65)update_access_token	[botpy] access_token expires_in 7200
2026-09-28 23:01:15,716	[INFO]	(client.py:181)_bot_init	[botpy] 程序启动...
2026-09-28 23:01:15,717	[INFO]	(connection.py:60)multi_run	[botpy] 最大并发连接数: 1, 启动会话数: 1
2026-09-28 23:01:15,717	[INFO]	(client.py:242)bot_connect	[botpy] 会话启动中...
2026-09-28 23:01:15,717	[INFO]	(gateway.py:115)ws_connect	[botpy] 启动中...
2026-09-28 23:01:15,911	[INFO]	(gateway.py:142)ws_identify	[botpy] 鉴权中...
2026-09-28 23:01:16,089	[INFO]	(gateway.py:85)on_message	[botpy] 机器人「Joha」启动成功！
2026-09-28 23:01:16,090	[INFO]	(gateway.py:223)_send_heart	[botpy] 心跳维持启动...
2026-09-28 23:01:49,508	[ERROR]	(gateway.py:97)on_message	_parser unknown event group_message_create.
2026-09-28 23:02:34,949	[ERROR]	(gateway.py:97)on_message	_parser unknown event group_message_create.
2026-09-28 23:04:51,451	[ERROR]	(gateway.py:97)on_message	_parser unknown event group_message_create.
2026-09-28 23:06:01,439	[INFO]	(client.py:162)_bot_login	[botpy] 登录机器人账号中...
2026-09-28 23:06:01,629	[INFO]	(robot.py:65)update_access_token	[botpy] access_token expires_in 6913
2026-09-28 23:06:02,380	[INFO]	(client.py:181)_bot_init	[botpy] 程序启动...
2026-09-28 23:06:02,380	[INFO]	(connection.py:60)multi_run	[botpy] 最大并发连接数: 1, 启动会话数: 1
2026-09-28 23:06:02,380	[INFO]	(client.py:242)bot_connect	[botpy] 会话启动中...
2026-09-28 23:06:02,381	[INFO]	(gateway.py:115)ws_connect	[botpy] 启动中...
2026-09-28 23:06:02,471	[INFO]	(gateway.py:142)ws_identify	[botpy] 鉴权中...
2026-09-28 23:06:02,619	[INFO]	(gateway.py:85)on_message	[botpy] 机器人「Joha」启动成功！
2026-09-28 23:06:02,619	[INFO]	(gateway.py:223)_send_heart	[botpy] 心跳维持启动...
2026-09-28 23:08:11,824	[INFO]	(client.py:162)_bot_login	[botpy] 登录机器人账号中...
2026-09-28 23:08:11,990	[INFO]	(robot.py:65)update_access_token	[botpy] access_token expires_in 6783
2026-09-28 23:08:12,904	[INFO]	(client.py:181)_bot_init	[botpy] 程序启动...
2026-09-28 23:08:12,905	[INFO]	(connection.py:60)multi_run	[botpy] 最大并发连接数: 1, 启动会话数: 1
2026-09-28 23:08:12,905	[INFO]	(client.py:242)bot_connect	[botpy] 会话启动中...
2026-09-28 23:08:12,905	[INFO]	(gateway.py:115)ws_connect	[botpy] 启动中...
2026-09-28 23:08:13,014	[INFO]	(gateway.py:142)ws_identify	[botpy] 鉴权中...
2026-09-28 23:08:13,132	[INFO]	(gateway.py:85)on_message	[botpy] 机器人「Joha」启动成功！
2026-09-28 23:08:13,133	[INFO]	(gateway.py:223)_send_heart	[botpy] 心跳维持启动...
2026-09-29 12:41:37,809	[INFO]	(client.py:162)_bot_login	[botpy] 登录机器人账号中...
2026-09-29 12:41:37,967	[INFO]	(robot.py:65)update_access_token	[botpy] access_token expires_in 6717
2026-09-29 12:41:38,575	[INFO]	(client.py:181)_bot_init	[botpy] 程序启动...
2026-09-29 12:41:38,575	[INFO]	(connection.py:60)multi_run	[botpy] 最大并发连接数: 1, 启动会话数: 1
2026-09-29 12:41:38,576	[INFO]	(client.py:242)bot_connect	[botpy] 会话启动中...
2026-09-29 12:41:38,576	[INFO]	(gateway.py:115)ws_connect	[botpy] 启动中...
2026-09-29 12:41:38,779	[INFO]	(gateway.py:142)ws_identify	[botpy] 鉴权中...
2026-09-29 12:41:38,925	[INFO]	(gateway.py:85)on_message	[botpy] 机器人「Joha」启动成功！
2026-09-29 12:41:38,926	[INFO]	(gateway.py:223)_send_heart	[botpy] 心跳维持启动...
